
> interview-ai@0.1.0 build
> next build

Ôû▓ Next.js 16.1.6 (Turbopack)
- Environments: .env.local

  Creating an optimized production build ...
Ô£ô Compiled successfully in 3.4s
  Running TypeScript ...
  Collecting page data using 11 workers ...
  Generating static pages using 11 workers (0/11) ...
  Generating static pages using 11 workers (2/11) 
node.exe : ÔÜá metadataBase property in metadata export is 
not set for resolving social open graph or twitter images, 
using "http://localhost:3000". See https://nextjs.org/docs/a
pp/api-reference/functions/generate-metadata#metadatabase
No linha:1 caractere:1
+ & "C:\Program Files\nodejs/node.exe" "C:\Program 
Files\nodejs/node_mo ...
+ ~~~~~~~~~~~~~~~~~~~~~~~~~~~~~~~~~~~~~~~~~~~~~~~~~~~~~~~~~~
~~~~~~~~~~~
    + CategoryInfo          : NotSpecified: (ÔÜá metadataBa 
   s...ta#metadatabase:String) [], RemoteException
    + FullyQualifiedErrorId : NativeCommandError
 
  Generating static pages using 11 workers (5/11) 
  Generating static pages using 11 workers (8/11) 
Ô£ô Generating static pages using 11 workers (11/11) in 427.8ms
  Finalizing page optimization ...

Route (app)
Ôöî Ôùï /
Ôö£ Ôùï /_not-found
Ôö£ ãÆ /api/ai/chat
Ôö£ ãÆ /api/ai/realtime-session
Ôö£ ãÆ /api/ai/whisper
Ôö£ Ôùï /interview/report
Ôö£ Ôùï /interview/session
Ôö£ Ôùï /interview/setup
Ôöö Ôùï /live-coach


Ôùï  (Static)   prerendered as static content
ãÆ  (Dynamic)  server-rendered on demand

